// Jest Snapshot v1, https://goo.gl/fbAQLP

exports[`Home renders correctly 1`] = `
<DocumentFragment>
  <main
    class="flex min-h-screen flex-col items-center justify-center gap-6 animate-in"
  >
    <img
      alt="Fankee Logo"
      data-nimg="1"
      decoding="async"
      fetchpriority="high"
      height="40"
      src="/_next/image?url=%2Fimg.jpg&w=96&q=75"
      srcset="/_next/image?url=%2Fimg.jpg&w=48&q=75 1x, /_next/image?url=%2Fimg.jpg&w=96&q=75 2x"
      style="color: transparent;"
      width="40"
    />
    <a
      href="/login"
    >
      <button
        class="rounded-full inline-flex gap-2 px-5 py-2.5 cursor-pointer hover:text-gray-400 active:scale-95 transition duration-300 ease-in-out animate-in-up bg-transparent"
      >
        <p
          class="text-xs text-white animate-in"
        >
          Login
        </p>
      </button>
    </a>
  </main>
</DocumentFragment>
`;
